
vec_as_subscript() forbids subscript types
==========================================

> vec_as_subscript(1L, logical = "error", numeric = "error")
Error: Must subset elements with a valid subscript vector.
x Subscript has the wrong type `integer`.
i It must be character.

> vec_as_subscript("foo", logical = "error", character = "error")
Error: Must subset elements with a valid subscript vector.
x Subscript has the wrong type `character`.
i It must be numeric.

> vec_as_subscript(TRUE, logical = "error")
Error: Must subset elements with a valid subscript vector.
x Subscript has the wrong type `logical`.
i It must be numeric or character.

> vec_as_subscript("foo", character = "error")
Error: Must subset elements with a valid subscript vector.
x Subscript has the wrong type `character`.
i It must be logical or numeric.

> vec_as_subscript(NULL, numeric = "error")
Error: Must subset elements with a valid subscript vector.
x Subscript has the wrong type `NULL`.
i It must be logical or character.

> vec_as_subscript(quote(foo), character = "error")
Error: Must subset elements with a valid subscript vector.
x Subscript has the wrong type `symbol`.
i It must be logical or numeric.


vec_as_subscript2() forbids subscript types
===========================================

> vec_as_subscript2(1L, numeric = "error", logical = "error")
Error: Must extract element with a single valid subscript.
x Subscript has the wrong type `integer`.
i It must be character.

> vec_as_subscript2("foo", character = "error", logical = "error")
Error: Must extract element with a single valid subscript.
x Subscript has the wrong type `character`.
i It must be numeric.

> vec_as_subscript2(TRUE, logical = "error")
Error: Must extract element with a single valid subscript.
x Subscript has the wrong type `logical`.
i It must be numeric or character.


can customise subscript errors
==============================

> with_tibble_cols(vec_as_subscript(env()))
Error: Must rename columns with a valid subscript vector.
x Subscript `foo(bar)` has the wrong type `environment`.
i It must be logical, numeric, or character.

> with_dm_tables(vec_as_subscript(env()))
Error: Must extract tables with a valid subscript vector.
x Subscript `foo(bar)` has the wrong type `environment`.
i It must be logical, numeric, or character.


vec_as_subscript() checks dimensionality
========================================

> vec_as_subscript(matrix(TRUE, nrow = 1))
Error: Must subset elements with a valid subscript vector.
x Subscript must be a simple vector, not a matrix.

> vec_as_subscript(array(TRUE, dim = c(1, 1, 1)))
Error: Must subset elements with a valid subscript vector.
x Subscript must be a simple vector, not an array.

> with_tibble_rows(vec_as_subscript(matrix(TRUE, nrow = 1)))
Error: Must remove rows with a valid subscript vector.
x Subscript `foo(bar)` must be a simple vector, not a matrix.

